../Core/Src/ssd1309.c:31:6:ssd1309_Reset	8	static
../Core/Src/ssd1309.c:43:6:ssd1309_WriteCommand	16	static
../Core/Src/ssd1309.c:51:6:ssd1309_WriteData	16	static
../Core/Src/ssd1309.c:70:17:ssd1309_FillBuffer	24	static
../Core/Src/ssd1309.c:80:6:ssd1309_Init	8	static
../Core/Src/ssd1309.c:182:6:ssd1309_Fill	16	static
../Core/Src/ssd1309.c:187:6:ssd1309_UpdateScreen	16	static
../Core/Src/ssd1309.c:208:6:ssd1309_DrawPixel	16	static
../Core/Src/ssd1309.c:228:6:ssd1309_WriteChar	48	static
../Core/Src/ssd1309.c:263:6:ssd1309_WriteString	24	static
../Core/Src/ssd1309.c:277:6:ssd1309_SetCursor	16	static
../Core/Src/ssd1309.c:283:6:ssd1309_Line	48	static
../Core/Src/ssd1309.c:310:6:ssd1309_Polyline	40	static
../Core/Src/ssd1309.c:324:14:ssd1309_DegToRad	16	static
../Core/Src/ssd1309.c:329:17:ssd1309_NormalizeTo0_360	24	static
../Core/Src/ssd1309.c:345:6:ssd1309_DrawArc	56	static
../Core/Src/ssd1309.c:385:6:ssd1309_DrawArcWithRadiusLine	64	static
../Core/Src/ssd1309.c:428:6:ssd1309_DrawCircle	40	static
../Core/Src/ssd1309.c:463:6:ssd1309_FillCircle	48	static
../Core/Src/ssd1309.c:499:6:ssd1309_DrawRectangle	32	static
../Core/Src/ssd1309.c:509:6:ssd1309_FillRectangle	32	static
../Core/Src/ssd1309.c:524:6:ssd1309_DrawBitmap	24	static
../Core/Src/ssd1309.c:548:6:ssd1309_SetContrast	24	static
../Core/Src/ssd1309.c:554:6:ssd1309_SetDisplayOn	24	static
../Core/Src/ssd1309.c:566:9:ssd1309_GetDisplayOn	4	static
